==> full test suite (clean taskq.db)
/Users/johnny/projects/taskq-final/.venv/bin/python -m pytest --ignore=harness/tests
============================= test session starts ==============================
platform darwin -- Python 3.11.15, pytest-8.4.2, pluggy-1.6.0
benchmark: 4.0.0 (defaults: timer=time.perf_counter disable_gc=False min_rounds=5 min_time=0.000005 max_time=1.0 calibration_precision=10 warmup=False warmup_iterations=100000)
rootdir: /Users/johnny/projects/taskq-final
plugins: cov-7.1.0, anyio-4.14.2, benchmark-4.0.0
collected 169 items

tests/test_fr01.py ........................                              [ 14%]
tests/test_fr02.py .......                                               [ 18%]
tests/test_fr03.py ..................                                    [ 28%]
tests/test_fr04.py .......                                               [ 33%]
tests/test_fr05.py ............                                          [ 40%]
tests/test_fr06.py ...................                                   [ 51%]
tests/test_fr07.py ......................................                [ 73%]
tests/test_fr08.py .....                                                 [ 76%]
tests/test_fr09.py ...........                                           [ 83%]
tests/test_fr10.py ............                                          [ 90%]
tests/test_nfr.py ..........s.....                                       [100%]

=============================== warnings summary ===============================
.venv/lib/python3.11/site-packages/starlette/formparsers.py:12
  /Users/johnny/projects/taskq-final/.venv/lib/python3.11/site-packages/starlette/formparsers.py:12: PendingDeprecationWarning: Please use `import python_multipart` instead.
    import multipart

-- Docs: https://docs.pytest.org/en/stable/how-to/capture-warnings.html
================== 168 passed, 1 skipped, 1 warning in 6.92s ===================
==> alembic upgrade head
PYTHONPATH=03-development/src:$PYTHONPATH /Users/johnny/projects/taskq-final/.venv/bin/python -m alembic upgrade head
INFO  [alembic.runtime.migration] Context impl SQLiteImpl.
INFO  [alembic.runtime.migration] Will assume non-transactional DDL.
INFO  [alembic.runtime.migration] Running upgrade  -> v1, [FR-07] v1_initial — create ``tasks`` and ``api_keys``.
INFO  [alembic.runtime.migration] Running upgrade v1 -> v2, [FR-07] v2_tags — add ``tags``, ``task_tags`` and UNIQUE on ``tasks.name``.
INFO  [alembic.runtime.migration] Running upgrade v2 -> v3, [FR-07] v3_split_results — split ``tasks.result_json`` into ``task_results``.
==> service smoke (/healthz, /readyz)
PYTHONPATH=03-development/src:$PYTHONPATH /Users/johnny/projects/taskq-final/.venv/bin/python -m taskq_api.__main__ healthcheck
==> downgrade base + upgrade head round-trip
PYTHONPATH=03-development/src:$PYTHONPATH /Users/johnny/projects/taskq-final/.venv/bin/python -m alembic downgrade base
INFO  [alembic.runtime.migration] Context impl SQLiteImpl.
INFO  [alembic.runtime.migration] Will assume non-transactional DDL.
INFO  [alembic.runtime.migration] Running downgrade v3 -> v2, [FR-07] v3_split_results — split ``tasks.result_json`` into ``task_results``.
INFO  [alembic.runtime.migration] Running downgrade v2 -> v1, [FR-07] v2_tags — add ``tags``, ``task_tags`` and UNIQUE on ``tasks.name``.
INFO  [alembic.runtime.migration] Running downgrade v1 -> , [FR-07] v1_initial — create ``tasks`` and ``api_keys``.
PYTHONPATH=03-development/src:$PYTHONPATH /Users/johnny/projects/taskq-final/.venv/bin/python -m alembic upgrade head
INFO  [alembic.runtime.migration] Context impl SQLiteImpl.
INFO  [alembic.runtime.migration] Will assume non-transactional DDL.
INFO  [alembic.runtime.migration] Running upgrade  -> v1, [FR-07] v1_initial — create ``tasks`` and ``api_keys``.
INFO  [alembic.runtime.migration] Running upgrade v1 -> v2, [FR-07] v2_tags — add ``tags``, ``task_tags`` and UNIQUE on ``tasks.name``.
INFO  [alembic.runtime.migration] Running upgrade v2 -> v3, [FR-07] v3_split_results — split ``tasks.result_json`` into ``task_results``.
verify-system: PASS
